▿ 3 elements
  ▿ Topic
    - id: 1
    - name: "alpha"
    ▿ value: Optional<Int>
      - some: 23
  ▿ Topic
    - id: 2
    - name: "beta"
    ▿ value: Optional<Int>
      - some: 43
  ▿ Topic
    - id: 3
    - name: "charlie"
    ▿ value: Optional<Int>
      - some: 0
