SELECT id, name, date, dob, tags, friends FROM person