INSERT INTO person ( id, name, date, dob, tags, friends ) VALUES ( ?, ?, ?, ?, ?,  ?)