▿ Optional<SQLError>
  ▿ some: SQLError
    - code: 666
    - message: "not an error"
