â–¿ main:Test insert(1)
  - database: "main"
  - tableName: "Test"
  - op_code: 18
  - rowid: 1
